// Jest Snapshot v1, https://goo.gl/fbAQLP

exports[`<TextField /> TextField matches snapshot 1`] = `
.c0 {
  color: #000;
  font-size: 1.07rem;
  margin: 1rem;
  padding: 0.25rem 1rem;
  border: 2px solid #216e39;
  border-radius: 3px;
}

<input
  className="c0"
/>
`;
