// Jest Snapshot v1, https://goo.gl/fbAQLP

exports[`<From /> Form matches snapshot 1`] = `
Array [
  .c1 {
  color: #000;
  font-size: 1.07rem;
  margin: 1rem;
  padding: 0.25rem 1rem;
  border: 2px solid #216e39;
  border-radius: 3px;
}

.c0 {
  display: -webkit-box;
  display: -webkit-flex;
  display: -ms-flexbox;
  display: flex;
  -webkit-box-pack: start;
  -webkit-justify-content: start;
  -ms-flex-pack: start;
  justify-content: start;
  -webkit-flex-wrap: wrap;
  -ms-flex-wrap: wrap;
  flex-wrap: wrap;
  max-width: 300px;
}

<div
    className="c0"
  >
    <input
      className="c1"
      placeholder="Name of Repository"
      type="text"
    />
    <input
      className="c1"
      placeholder="Year"
      type="number"
    />
    <input
      className="c1"
      placeholder="Name"
      type="text"
    />
    <input
      className="c1"
      placeholder="Email"
      type="email"
    />
    <input
      className="c1"
      placeholder="Word to Draw"
      type="text"
    />
  </div>,
  .c0 {
  color: #30a14e;
  background-color: #ebedf0;
  font-size: 1.07rem;
  margin: 1rem;
  padding: 0.25rem 1rem;
  border: 2px solid #216e39;
  border-radius: 3px;
}

.c0:active {
  background-color: #9be9a8;
}

<button
    className="c0"
  >
    Create Art
  </button>,
]
`;
